Question: Quels sont les Pass Liberté ?
Answer: Bonjour, je suis votre Assistant Virtuel chez YAS Télécom. Je suis ravi de vous aider.

Les Pass Liberté sont nos forfaits prépayés, qui incluent la 5G gratuitement et sont valables 30 jours sans engagement. Voici les différentes options disponibles :

*   **Pass S** : 5 000 FCFA - 10 Go + 200 min appels nationaux + 500 SMS
*   **Pass M** : 10 000 FCFA - 30 Go + 500 min appels nationaux + SMS illimités
*   **Pass L** : 20 000 FCFA - 80 Go + Appels illimités nationaux + 100 min vers l'international (Zone 1)

Vous pouvez souscrire à l'un de ces passes en tapant `#100#` puis en choisissant l'option 1 "Pass Liberté".

Sources:
- C:\Users\dell\Desktop\projets cycy ink\telecom_project\data\raw\yas_knowledge_base.md
- C:\Users\dell\Desktop\projets cycy ink\telecom_project\data\raw\offres_commerciales\catalogue_offres_2024.txt
- C:\Users\dell\Desktop\projets cycy ink\telecom_project\data\raw\yas_knowledge_base.md
- C:\Users\dell\Desktop\projets cycy ink\telecom_project\data\raw\conditions_generales\conditions_resiliation.txt
- C:\Users\dell\Desktop\projets cycy ink\telecom_project\data\raw\yas_knowledge_base.md
